[2026-09-06 10:21:49][smtp-failed-fallback] TO:itest4_13249@test.com SUBJECT:小课学堂注册验证码
你好！

你的注册验证码为：254187，10 分钟内有效。

如非本人操作，请忽略本邮件。
------------------------------------------------------------
[2026-09-06 10:21:49][demo] TO:receiver@example.com SUBJECT:【小课学堂】发信测试
这是一封来自后台「站点设置」的测试邮件。
验证码为：888888
如收到本邮件说明 SMTP 配置正确。
------------------------------------------------------------
[2026-09-06 10:21:57][demo] TO:tester610917@test.com SUBJECT:小课学堂注册验证码
你好！

你的注册验证码为：154550，10 分钟内有效。

如非本人操作，请忽略本邮件。
------------------------------------------------------------
[2026-09-06 10:22:03][demo] TO:vtest124378@test.com SUBJECT:小课学堂注册验证码
你好！

你的注册验证码为：609371，10 分钟内有效。

如非本人操作，请忽略本邮件。
------------------------------------------------------------
